../Core/Src/main.c:107:5:main	8	static
../Core/Src/main.c:198:6:SystemClock_Config	88	static
../Core/Src/main.c:240:13:MX_TIM2_Init	32	static
../Core/Src/main.c:285:13:MX_GPIO_Init	40	static
../Core/Src/main.c:320:6:StartDefaultTask	16	static
../Core/Src/main.c:338:6:green_led	16	static
../Core/Src/main.c:364:6:red_led	16	static
../Core/Src/main.c:390:6:yellow_led	16	static
../Core/Src/main.c:402:6:AccessSharedData	8	static
../Core/Src/main.c:429:6:HAL_TIM_PeriodElapsedCallback	16	static
../Core/Src/main.c:446:6:Error_Handler	4	static,ignoring_inline_asm
